Archive member included to satisfy reference by file (symbol)

/Applications/STM32CubeIDE.app/Contents/Eclipse/plugins/com.st.stm32cube.ide.mcu.externaltools.gnu-tools-for-stm32.13.3.rel1.macos64_1.0.0.202411102158/tools/bin/../lib/gcc/arm-none-eabi/13.3.1/../../../../arm-none-eabi/lib/thumb/v6-m/nofp/libc_nano.a(libc_a-exit.o)
                              /Applications/STM32CubeIDE.app/Contents/Eclipse/plugins/com.st.stm32cube.ide.mcu.externaltools.gnu-tools-for-stm32.13.3.rel1.macos64_1.0.0.202411102158/tools/bin/../lib/gcc/arm-none-eabi/13.3.1/../../../../arm-none-eabi/lib/thumb/v6-m/nofp/crt0.o (exit)
/Applications/STM32CubeIDE.app/Contents/Eclipse/plugins/com.st.stm32cube.ide.mcu.externaltools.gnu-tools-for-stm32.13.3.rel1.macos64_1.0.0.202411102158/tools/bin/../lib/gcc/arm-none-eabi/13.3.1/../../../../arm-none-eabi/lib/thumb/v6-m/nofp/libc_nano.a(libc_a-findfp.o)
                              /Applications/STM32CubeIDE.app/Contents/Eclipse/plugins/com.st.stm32cube.ide.mcu.externaltools.gnu-tools-for-stm32.13.3.rel1.macos64_1.0.0.202411102158/tools/bin/../lib/gcc/arm-none-eabi/13.3.1/../../../../arm-none-eabi/lib/thumb/v6-m/nofp/libc_nano.a(libc_a-exit.o) (__stdio_exit_handler)
/Applications/STM32CubeIDE.app/Contents/Eclipse/plugins/com.st.stm32cube.ide.mcu.externaltools.gnu-tools-for-stm32.13.3.rel1.macos64_1.0.0.202411102158/tools/bin/../lib/gcc/arm-none-eabi/13.3.1/../../../../arm-none-eabi/lib/thumb/v6-m/nofp/libc_nano.a(libc_a-fwalk.o)
                              /Applications/STM32CubeIDE.app/Contents/Eclipse/plugins/com.st.stm32cube.ide.mcu.externaltools.gnu-tools-for-stm32.13.3.rel1.macos64_1.0.0.202411102158/tools/bin/../lib/gcc/arm-none-eabi/13.3.1/../../../../arm-none-eabi/lib/thumb/v6-m/nofp/libc_nano.a(libc_a-findfp.o) (_fwalk_sglue)
/Applications/STM32CubeIDE.app/Contents/Eclipse/plugins/com.st.stm32cube.ide.mcu.externaltools.gnu-tools-for-stm32.13.3.rel1.macos64_1.0.0.202411102158/tools/bin/../lib/gcc/arm-none-eabi/13.3.1/../../../../arm-none-eabi/lib/thumb/v6-m/nofp/libc_nano.a(libc_a-memset.o)
                              /Applications/STM32CubeIDE.app/Contents/Eclipse/plugins/com.st.stm32cube.ide.mcu.externaltools.gnu-tools-for-stm32.13.3.rel1.macos64_1.0.0.202411102158/tools/bin/../lib/gcc/arm-none-eabi/13.3.1/../../../../arm-none-eabi/lib/thumb/v6-m/nofp/crt0.o (memset)
/Applications/STM32CubeIDE.app/Contents/Eclipse/plugins/com.st.stm32cube.ide.mcu.externaltools.gnu-tools-for-stm32.13.3.rel1.macos64_1.0.0.202411102158/tools/bin/../lib/gcc/arm-none-eabi/13.3.1/../../../../arm-none-eabi/lib/thumb/v6-m/nofp/libc_nano.a(libc_a-errno.o)
                              ./Core/Src/syscalls.o (__errno)
/Applications/STM32CubeIDE.app/Contents/Eclipse/plugins/com.st.stm32cube.ide.mcu.externaltools.gnu-tools-for-stm32.13.3.rel1.macos64_1.0.0.202411102158/tools/bin/../lib/gcc/arm-none-eabi/13.3.1/../../../../arm-none-eabi/lib/thumb/v6-m/nofp/libc_nano.a(libc_a-init.o)
                              /Applications/STM32CubeIDE.app/Contents/Eclipse/plugins/com.st.stm32cube.ide.mcu.externaltools.gnu-tools-for-stm32.13.3.rel1.macos64_1.0.0.202411102158/tools/bin/../lib/gcc/arm-none-eabi/13.3.1/../../../../arm-none-eabi/lib/thumb/v6-m/nofp/crt0.o (__libc_init_array)
/Applications/STM32CubeIDE.app/Contents/Eclipse/plugins/com.st.stm32cube.ide.mcu.externaltools.gnu-tools-for-stm32.13.3.rel1.macos64_1.0.0.202411102158/tools/bin/../lib/gcc/arm-none-eabi/13.3.1/../../../../arm-none-eabi/lib/thumb/v6-m/nofp/libc_nano.a(libc_a-lock.o)
                              /Applications/STM32CubeIDE.app/Contents/Eclipse/plugins/com.st.stm32cube.ide.mcu.externaltools.gnu-tools-for-stm32.13.3.rel1.macos64_1.0.0.202411102158/tools/bin/../lib/gcc/arm-none-eabi/13.3.1/../../../../arm-none-eabi/lib/thumb/v6-m/nofp/libc_nano.a(libc_a-findfp.o) (__retarget_lock_init_recursive)
/Applications/STM32CubeIDE.app/Contents/Eclipse/plugins/com.st.stm32cube.ide.mcu.externaltools.gnu-tools-for-stm32.13.3.rel1.macos64_1.0.0.202411102158/tools/bin/../lib/gcc/arm-none-eabi/13.3.1/../../../../arm-none-eabi/lib/thumb/v6-m/nofp/libc_nano.a(libc_a-impure.o)
                              /Applications/STM32CubeIDE.app/Contents/Eclipse/plugins/com.st.stm32cube.ide.mcu.externaltools.gnu-tools-for-stm32.13.3.rel1.macos64_1.0.0.202411102158/tools/bin/../lib/gcc/arm-none-eabi/13.3.1/../../../../arm-none-eabi/lib/thumb/v6-m/nofp/libc_nano.a(libc_a-errno.o) (_impure_ptr)
/Applications/STM32CubeIDE.app/Contents/Eclipse/plugins/com.st.stm32cube.ide.mcu.externaltools.gnu-tools-for-stm32.13.3.rel1.macos64_1.0.0.202411102158/tools/bin/../lib/gcc/arm-none-eabi/13.3.1/../../../../arm-none-eabi/lib/thumb/v6-m/nofp/libc_nano.a(libc_a-memcpy-stub.o)
                              ./Middlewares/Third_Party/FreeRTOS/Source/CMSIS_RTOS_V2/cmsis_os2.o (memcpy)
[...]
Memory Configuration

Name             Origin             Length             Attributes
RAM              0x20000000         0x00008000         xrw
FLASH            0x08000000         0x00040000         xr
*default*        0x00000000         0xffffffff

Linker script and memory map

LOAD /Applications/STM32CubeIDE.app/Contents/Eclipse/plugins/com.st.stm32cube.ide.mcu.externaltools.gnu-tools-for-stm32.13.3.rel1.macos64_1.0.0.202411102158/tools/bin/../lib/gcc/arm-none-eabi/13.3.1/thumb/v6-m/nofp/crti.o
LOAD /Applications/STM32CubeIDE.app/Contents/Eclipse/plugins/com.st.stm32cube.ide.mcu.externaltools.gnu-tools-for-stm32.13.3.rel1.macos64_1.0.0.202411102158/tools/bin/../lib/gcc/arm-none-eabi/13.3.1/thumb/v6-m/nofp/crtbegin.o
LOAD /Applications/STM32CubeIDE.app/Contents/Eclipse/plugins/com.st.stm32cube.ide.mcu.externaltools.gnu-tools-for-stm32.13.3.rel1.macos64_1.0.0.202411102158/tools/bin/../lib/gcc/arm-none-eabi/13.3.1/../../../../arm-none-eabi/lib/thumb/v6-m/nofp/crt0.o
LOAD ./Core/Src/freertos.o
LOAD ./Core/Src/gfx01m2.o
LOAD ./Core/Src/main.o
LOAD ./Core/Src/stm32f0xx_hal_msp.o
LOAD ./Core/Src/stm32f0xx_it.o
LOAD ./Core/Src/syscalls.o
LOAD ./Core/Src/sysmem.o
LOAD ./Core/Src/system_stm32f0xx.o
LOAD ./Core/Startup/startup_stm32f091rctx.o
LOAD ./Drivers/STM32F0xx_HAL_Driver/Src/stm32f0xx_hal.o
LOAD ./Drivers/STM32F0xx_HAL_Driver/Src/stm32f0xx_hal_cortex.o
LOAD ./Drivers/STM32F0xx_HAL_Driver/Src/stm32f0xx_hal_dma.o
LOAD ./Drivers/STM32F0xx_HAL_Driver/Src/stm32f0xx_hal_exti.o
LOAD ./Drivers/STM32F0xx_HAL_Driver/Src/stm32f0xx_hal_flash.o
LOAD ./Drivers/STM32F0xx_HAL_Driver/Src/stm32f0xx_hal_flash_ex.o
LOAD ./Drivers/STM32F0xx_HAL_Driver/Src/stm32f0xx_hal_gpio.o
LOAD ./Drivers/STM32F0xx_HAL_Driver/Src/stm32f0xx_hal_i2c.o
LOAD ./Drivers/STM32F0xx_HAL_Driver/Src/stm32f0xx_hal_i2c_ex.o
LOAD ./Drivers/STM32F0xx_HAL_Driver/Src/stm32f0xx_hal_pwr.o
LOAD ./Drivers/STM32F0xx_HAL_Driver/Src/stm32f0xx_hal_pwr_ex.o
LOAD ./Drivers/STM32F0xx_HAL_Driver/Src/stm32f0xx_hal_rcc.o
LOAD ./Drivers/STM32F0xx_HAL_Driver/Src/stm32f0xx_hal_rcc_ex.o
LOAD ./Drivers/STM32F0xx_HAL_Driver/Src/stm32f0xx_hal_uart.o
LOAD ./Drivers/STM32F0xx_HAL_Driver/Src/stm32f0xx_hal_uart_ex.o
LOAD ./Middlewares/Third_Party/FreeRTOS/Source/CMSIS_RTOS_V2/cmsis_os2.o
LOAD ./Middlewares/Third_Party/FreeRTOS/Source/croutine.o
LOAD ./Middlewares/Third_Party/FreeRTOS/Source/event_groups.o
LOAD ./Middlewares/Third_Party/FreeRTOS/Source/list.o
LOAD ./Middlewares/Third_Party/FreeRTOS/Source/queue.o
LOAD ./Middlewares/Third_Party/FreeRTOS/Source/stream_buffer.o
LOAD ./Middlewares/Third_Party/FreeRTOS/Source/tasks.o
LOAD ./Middlewares/Third_Party/FreeRTOS/Source/timers.o
LOAD ./Middlewares/Third_Party/FreeRTOS/Source/portable/GCC/ARM_CM0/port.o
LOAD ./Middlewares/Third_Party/FreeRTOS/Source/portable/MemMang/heap_4.o
START GROUP
LOAD /Applications/STM32CubeIDE.app/Contents/Eclipse/plugins/com.st.stm32cube.ide.mcu.externaltools.gnu-tools-for-stm32.13.3.rel1.macos64_1.0.0.202411102158/tools/bin/../lib/gcc/arm-none-eabi/13.3.1/../../../../arm-none-eabi/lib/thumb/v6-m/nofp/libc_nano.a
LOAD /Applications/STM32CubeIDE.app/Contents/Eclipse/plugins/com.st.stm32cube.ide.mcu.externaltools.gnu-tools-for-stm32.13.3.rel1.macos64_1.0.0.202411102158/tools/bin/../lib/gcc/arm-none-eabi/13.3.1/../../../../arm-none-eabi/lib/thumb/v6-m/nofp/libm.a
END GROUP
START GROUP
LOAD /Applications/STM32CubeIDE.app/Contents/Eclipse/plugins/com.st.stm32cube.ide.mcu.externaltools.gnu-tools-for-stm32.13.3.rel1.macos64_1.0.0.202411102158/tools/bin/../lib/gcc/arm-none-eabi/13.3.1/thumb/v6-m/nofp/libgcc.a
LOAD /Applications/STM32CubeIDE.app/Contents/Eclipse/plugins/com.st.stm32cube.ide.mcu.externaltools.gnu-tools-for-stm32.13.3.rel1.macos64_1.0.0.202411102158/tools/bin/../lib/gcc/arm-none-eabi/13.3.1/../../../../arm-none-eabi/lib/thumb/v6-m/nofp/libc_nano.a
END GROUP
START GROUP
LOAD /Applications/STM32CubeIDE.app/Contents/Eclipse/plugins/com.st.stm32cube.ide.mcu.externaltools.gnu-tools-for-stm32.13.3.rel1.macos64_1.0.0.202411102158/tools/bin/../lib/gcc/arm-none-eabi/13.3.1/thumb/v6-m/nofp/libgcc.a
LOAD /Applications/STM32CubeIDE.app/Contents/Eclipse/plugins/com.st.stm32cube.ide.mcu.externaltools.gnu-tools-for-stm32.13.3.rel1.macos64_1.0.0.202411102158/tools/bin/../lib/gcc/arm-none-eabi/13.3.1/../../../../arm-none-eabi/lib/thumb/v6-m/nofp/libc_nano.a
LOAD /Applications/STM32CubeIDE.app/Contents/Eclipse/plugins/com.st.stm32cube.ide.mcu.externaltools.gnu-tools-for-stm32.13.3.rel1.macos64_1.0.0.202411102158/tools/bin/../lib/gcc/arm-none-eabi/13.3.1/../../../../arm-none-eabi/lib/thumb/v6-m/nofp/libnosys.a
END GROUP
START GROUP
LOAD /Applications/STM32CubeIDE.app/Contents/Eclipse/plugins/com.st.stm32cube.ide.mcu.externaltools.gnu-tools-for-stm32.13.3.rel1.macos64_1.0.0.202411102158/tools/bin/../lib/gcc/arm-none-eabi/13.3.1/thumb/v6-m/nofp/libgcc.a
LOAD /Applications/STM32CubeIDE.app/Contents/Eclipse/plugins/com.st.stm32cube.ide.mcu.externaltools.gnu-tools-for-stm32.13.3.rel1.macos64_1.0.0.202411102158/tools/bin/../lib/gcc/arm-none-eabi/13.3.1/../../../../arm-none-eabi/lib/thumb/v6-m/nofp/libc_nano.a
LOAD /Applications/STM32CubeIDE.app/Contents/Eclipse/plugins/com.st.stm32cube.ide.mcu.externaltools.gnu-tools-for-stm32.13.3.rel1.macos64_1.0.0.202411102158/tools/bin/../lib/gcc/arm-none-eabi/13.3.1/../../../../arm-none-eabi/lib/thumb/v6-m/nofp/libnosys.a
END GROUP
LOAD /Applications/STM32CubeIDE.app/Contents/Eclipse/plugins/com.st.stm32cube.ide.mcu.externaltools.gnu-tools-for-stm32.13.3.rel1.macos64_1.0.0.202411102158/tools/bin/../lib/gcc/arm-none-eabi/13.3.1/thumb/v6-m/nofp/crtend.o
LOAD /Applications/STM32CubeIDE.app/Contents/Eclipse/plugins/com.st.stm32cube.ide.mcu.externaltools.gnu-tools-for-stm32.13.3.rel1.macos64_1.0.0.202411102158/tools/bin/../lib/gcc/arm-none-eabi/13.3.1/thumb/v6-m/nofp/crtn.o
                0x20008000                        _estack = (ORIGIN (RAM) + LENGTH (RAM))
                0x00000200                        _Min_Heap_Size = 0x200
                0x00000400                        _Min_Stack_Size = 0x400

.isr_vector     0x08000000       0xbc
                0x08000000                        . = ALIGN (0x4)
 *(.isr_vector)
 .isr_vector    0x08000000       0xbc ./Core/Startup/startup_stm32f091rctx.o
                0x08000000                g_pfnVectors
                0x080000bc                        . = ALIGN (0x4)

.text           0x080000c0     0x5558
                0x080000c0                        . = ALIGN (0x4)
 *(.text)
 .text          0x080000c0       0x48 /Applications/STM32CubeIDE.app/Contents/Eclipse/plugins/com.st.stm32cube.ide.mcu.externaltools.gnu-tools-for-stm32.13.3.rel1.macos64_1.0.0.202411102158/tools/bin/../lib/gcc/arm-none-eabi/13.3.1/thumb/v6-m/nofp/crtbegin.o
 .text          0x08000108      0x114 /Applications/STM32CubeIDE.app/Contents/Eclipse/plugins/com.st.stm32cube.ide.mcu.externaltools.gnu-tools-for-stm32.13.3.rel1.macos64_1.0.0.202411102158/tools/bin/../lib/gcc/arm-none-eabi/13.3.1/thumb/v6-m/nofp/libgcc.a(_udivsi3.o)
                0x08000108                __udivsi3
                0x08000108                __aeabi_uidiv
                0x08000214                __aeabi_uidivmod
 .text          0x0800021c        0x4 /Applications/STM32CubeIDE.app/Contents/Eclipse/plugins/com.st.stm32cube.ide.mcu.externaltools.gnu-tools-for-stm32.13.3.rel1.macos64_1.0.0.202411102158/tools/bin/../lib/gcc/arm-none-eabi/13.3.1/thumb/v6-m/nofp/libgcc.a(_dvmd_tls.o)
                0x0800021c                __aeabi_ldiv0
                0x0800021c                __aeabi_idiv0
 *(.text*)
 .text.delay    0x08000220       0x20 ./Core/Src/gfx01m2.o
 .text.SPI_Send8
                0x08000240       0x40 ./Core/Src/gfx01m2.o
 .text.lcd_write_cmd
                0x08000280       0x40 ./Core/Src/gfx01m2.o
 .text.lcd_write_data
                0x080002c0       0x40 ./Core/Src/gfx01m2.o
 .text.lcd_set_window
                0x08000300       0xd8 ./Core/Src/gfx01m2.o
 .text.LCD_Init
                0x080003d8      0x1a0 ./Core/Src/gfx01m2.o
                0x080003d8                LCD_Init
 .text.LCD_Clear
                0x08000578       0x74 ./Core/Src/gfx01m2.o
                0x08000578                LCD_Clear
 .text.LCD_DrawChar
                0x080005ec       0xdc ./Core/Src/gfx01m2.o
                0x080005ec                LCD_DrawChar
 .text.LCD_DrawString
                0x080006c8       0x68 ./Core/Src/gfx01m2.o
                0x080006c8                LCD_DrawString
 .text.LCD_DrawImage
                0x08000730       0xb4 ./Core/Src/gfx01m2.o
                0x08000730                LCD_DrawImage
 .text.Joystick_Read
                0x080007e4       0x90 ./Core/Src/gfx01m2.o
                0x080007e4                Joystick_Read
 .text.rgb565   0x08000874       0x5c ./Core/Src/main.o
 .text.SpriteColor
                0x080008d0       0x80 ./Core/Src/main.o
 .text.DrawSpriteXPM
                0x08000950       0xe0 ./Core/Src/main.o
 .text.DrawSpriteXPM2
                0x08000a30       0xe0 ./Core/Src/main.o
 .text.clamp    0x08000b10       0x2a ./Core/Src/main.o
 *fill*         0x08000b3a        0x2 
 .text.DrawMenu
                0x08000b3c       0xa0 ./Core/Src/main.o
 .text.drawMenu
                0x08000bdc       0xb0 ./Core/Src/main.o
 .text.DrawIdle
                0x08000c8c       0x50 ./Core/Src/main.o
 .text.DrawAnimFeed
                0x08000cdc       0x4c ./Core/Src/main.o
 .text.DrawAnimPlay
                0x08000d28       0x4c ./Core/Src/main.o
 .text.DrawAnimSleep
                0x08000d74       0x74 ./Core/Src/main.o
 .text.DrawEndScreen
                0x08000de8       0x60 ./Core/Src/main.o
 .text.ThreadSafeClearScreen
                0x08000e48       0x34 ./Core/Src/main.o
 .text.readDebounced
                0x08000e7c       0x3c ./Core/Src/main.o
 .text.mapButtons
                0x08000eb8       0x5c ./Core/Src/main.o
 .text.InputTask
                0x08000f14       0x5c ./Core/Src/main.o
 .text.StartAction
                0x08000f70       0x7c ./Core/Src/main.o
 .text.LogicTask
                0x08000fec      0x1b4 ./Core/Src/main.o
 .text.RenderTask
                0x080011a0      0x17c ./Core/Src/main.o
 .text.SystemClock_Config
                0x0800131c       0xc4 ./Core/Src/main.o
                0x0800131c                SystemClock_Config
 .text.main     0x080013e0      0x114 ./Core/Src/main.o
                0x080013e0                main
 .text.HAL_MspInit
                0x080014f4       0x54 ./Core/Src/stm32f0xx_hal_msp.o
                0x080014f4                HAL_MspInit
 .text.NMI_Handler
                0x08001548        0x8 ./Core/Src/stm32f0xx_it.o
                0x08001548                NMI_Handler
 .text.HardFault_Handler
                0x08001550        0x8 ./Core/Src/stm32f0xx_it.o
                0x08001550                HardFault_Handler
 .text.SysTick_Handler
                0x08001558       0x1c ./Core/Src/stm32f0xx_it.o
                0x08001558                SysTick_Handler
 .text.SystemInit
                0x08001574        0xa ./Core/Src/system_stm32f0xx.o
                0x08001574                SystemInit
 *fill*         0x0800157e        0x2 
 .text.Reset_Handler
                0x08001580       0x50 ./Core/Startup/startup_stm32f091rctx.o
                0x08001580                Reset_Handler
 .text.Default_Handler
                0x080015d0        0x2 ./Core/Startup/startup_stm32f091rctx.o
                0x080015d0                TIM1_BRK_UP_TRG_COM_IRQHandler
                0x080015d0                TSC_IRQHandler
                0x080015d0                ADC1_COMP_IRQHandler
                0x080015d0                I2C1_IRQHandler
                0x080015d0                RCC_CRS_IRQHandler
                0x080015d0                SPI1_IRQHandler
                0x080015d0                TIM6_DAC_IRQHandler
                0x080015d0                DMA1_Ch1_IRQHandler
                0x080015d0                EXTI2_3_IRQHandler
                0x080015d0                I2C2_IRQHandler
                0x080015d0                TIM17_IRQHandler
                0x080015d0                CEC_CAN_IRQHandler
                0x080015d0                RTC_IRQHandler
                0x080015d0                PVD_VDDIO2_IRQHandler
                0x080015d0                TIM16_IRQHandler
                0x080015d0                TIM3_IRQHandler
                0x080015d0                EXTI4_15_IRQHandler
                0x080015d0                USART3_8_IRQHandler
                0x080015d0                Default_Handler
                0x080015d0                TIM14_IRQHandler
                0x080015d0                TIM7_IRQHandler
                0x080015d0                TIM15_IRQHandler
                0x080015d0                EXTI0_1_IRQHandler
                0x080015d0                SPI2_IRQHandler
                0x080015d0                DMA1_Ch2_3_DMA2_Ch1_2_IRQHandler
                0x080015d0                DMA1_Ch4_7_DMA2_Ch3_5_IRQHandler
                0x080015d0                WWDG_IRQHandler
                0x080015d0                TIM2_IRQHandler
                0x080015d0                USART2_IRQHandler
                0x080015d0                FLASH_IRQHandler
                0x080015d0                USART1_IRQHandler
                0x080015d0                TIM1_CC_IRQHandler
 *fill*         0x080015d2        0x2 
 .text.HAL_Init
                0x080015d4       0x28 ./Drivers/STM32F0xx_HAL_Driver/Src/stm32f0xx_hal.o
                0x080015d4                HAL_Init
 .text.HAL_InitTick
                0x080015fc       0x68 ./Drivers/STM32F0xx_HAL_Driver/Src/stm32f0xx_hal.o
                0x080015fc                HAL_InitTick
 .text.HAL_IncTick
                0x08001664       0x24 ./Drivers/STM32F0xx_HAL_Driver/Src/stm32f0xx_hal.o
                0x08001664                HAL_IncTick
 .text.HAL_GetTick
                0x08001688       0x14 ./Drivers/STM32F0xx_HAL_Driver/Src/stm32f0xx_hal.o
                0x08001688                HAL_GetTick
 .text.__NVIC_SetPriority
                0x0800169c       0xdc ./Drivers/STM32F0xx_HAL_Driver/Src/stm32f0xx_hal_cortex.o
 .text.SysTick_Config
                0x08001778       0x48 ./Drivers/STM32F0xx_HAL_Driver/Src/stm32f0xx_hal_cortex.o
 .text.HAL_NVIC_SetPriority
                0x080017c0       0x2a ./Drivers/STM32F0xx_HAL_Driver/Src/stm32f0xx_hal_cortex.o
                0x080017c0                HAL_NVIC_SetPriority
 .text.HAL_SYSTICK_Config
                0x080017ea       0x1a ./Drivers/STM32F0xx_HAL_Driver/Src/stm32f0xx_hal_cortex.o
                0x080017ea                HAL_SYSTICK_Config
 .text.HAL_RCC_OscConfig
                0x08001804      0x70c ./Drivers/STM32F0xx_HAL_Driver/Src/stm32f0xx_hal_rcc.o
                0x08001804                HAL_RCC_OscConfig
 .text.HAL_RCC_ClockConfig
                0x08001f10      0x1b4 ./Drivers/STM32F0xx_HAL_Driver/Src/stm32f0xx_hal_rcc.o
                0x08001f10                HAL_RCC_ClockConfig
 .text.HAL_RCC_GetSysClockFreq
                0x080020c4       0xe4 ./Drivers/STM32F0xx_HAL_Driver/Src/stm32f0xx_hal_rcc.o
                0x080020c4                HAL_RCC_GetSysClockFreq
 .text.HAL_RCCEx_PeriphCLKConfig
                0x080021a8      0x200 ./Drivers/STM32F0xx_HAL_Driver/Src/stm32f0xx_hal_rcc_ex.o
                0x080021a8                HAL_RCCEx_PeriphCLKConfig
 .text.osKernelInitialize
                0x080023a8       0x58 ./Middlewares/Third_Party/FreeRTOS/Source/CMSIS_RTOS_V2/cmsis_os2.o
                0x080023a8                osKernelInitialize
 .text.osKernelStart
                0x08002400       0x5c ./Middlewares/Third_Party/FreeRTOS/Source/CMSIS_RTOS_V2/cmsis_os2.o
                0x08002400                osKernelStart
 .text.osKernelGetTickCount
                0x0800245c       0x48 ./Middlewares/Third_Party/FreeRTOS/Source/CMSIS_RTOS_V2/cmsis_os2.o
                0x0800245c                osKernelGetTickCount
 .text.osThreadNew
                0x080024a4      0x150 ./Middlewares/Third_Party/FreeRTOS/Source/CMSIS_RTOS_V2/cmsis_os2.o
                0x080024a4                osThreadNew
 .text.osDelay  0x080025f4       0x50 ./Middlewares/Third_Party/FreeRTOS/Source/CMSIS_RTOS_V2/cmsis_os2.o
                0x080025f4                osDelay
 .text.osDelayUntil
                0x08002644       0x5c ./Middlewares/Third_Party/FreeRTOS/Source/CMSIS_RTOS_V2/cmsis_os2.o
                0x08002644                osDelayUntil
 .text.osMutexNew
                0x080026a0      0x134 ./Middlewares/Third_Party/FreeRTOS/Source/CMSIS_RTOS_V2/cmsis_os2.o
                0x080026a0                osMutexNew
 .text.osMutexAcquire
                0x080027d4       0xb8 ./Middlewares/Third_Party/FreeRTOS/Source/CMSIS_RTOS_V2/cmsis_os2.o
                0x080027d4                osMutexAcquire
 .text.osMutexRelease
                0x0800288c       0x94 ./Middlewares/Third_Party/FreeRTOS/Source/CMSIS_RTOS_V2/cmsis_os2.o
                0x0800288c                osMutexRelease
 .text.osMessageQueueNew
                0x08002920      0x10c ./Middlewares/Third_Party/FreeRTOS/Source/CMSIS_RTOS_V2/cmsis_os2.o
                0x08002920                osMessageQueueNew
 .text.osMessageQueuePut
                0x08002a2c       0xd4 ./Middlewares/Third_Party/FreeRTOS/Source/CMSIS_RTOS_V2/cmsis_os2.o
                0x08002a2c                osMessageQueuePut
 .text.osMessageQueueGet
                0x08002b00       0xd0 ./Middlewares/Third_Party/FreeRTOS/Source/CMSIS_RTOS_V2/cmsis_os2.o
                0x08002b00                osMessageQueueGet
 .text.vApplicationGetIdleTaskMemory
                0x08002bd0       0x30 ./Middlewares/Third_Party/FreeRTOS/Source/CMSIS_RTOS_V2/cmsis_os2.o
                0x08002bd0                vApplicationGetIdleTaskMemory
 .text.vApplicationGetTimerTaskMemory
                0x08002c00       0x30 ./Middlewares/Third_Party/FreeRTOS/Source/CMSIS_RTOS_V2/cmsis_os2.o
                0x08002c00                vApplicationGetTimerTaskMemory
 .text.vListInitialise
                0x08002c30       0x3c ./Middlewares/Third_Party/FreeRTOS/Source/list.o
                0x08002c30                vListInitialise
 .text.vListInitialiseItem
                0x08002c6c       0x16 ./Middlewares/Third_Party/FreeRTOS/Source/list.o
                0x08002c6c                vListInitialiseItem
 .text.vListInsertEnd
                0x08002c82       0x44 ./Middlewares/Third_Party/FreeRTOS/Source/list.o
                0x08002c82                vListInsertEnd
 .text.vListInsert
                0x08002cc6       0x6c ./Middlewares/Third_Party/FreeRTOS/Source/list.o
                0x08002cc6                vListInsert
 .text.uxListRemove
                0x08002d32       0x50 ./Middlewares/Third_Party/FreeRTOS/Source/list.o
                0x08002d32                uxListRemove
 .text.xQueueGenericReset
                0x08002d82       0xaa ./Middlewares/Third_Party/FreeRTOS/Source/queue.o
                0x08002d82                xQueueGenericReset
 .text.xQueueGenericCreateStatic
                0x08002e2c       0xa0 ./Middlewares/Third_Party/FreeRTOS/Source/queue.o
                0x08002e2c                xQueueGenericCreateStatic
 .text.xQueueGenericCreate
                0x08002ecc       0x6e ./Middlewares/Third_Party/FreeRTOS/Source/queue.o
                0x08002ecc                xQueueGenericCreate
 .text.prvInitialiseNewQueue
                0x08002f3a       0x4e ./Middlewares/Third_Party/FreeRTOS/Source/queue.o
 .text.prvInitialiseMutex
                0x08002f88       0x34 ./Middlewares/Third_Party/FreeRTOS/Source/queue.o
 .text.xQueueCreateMutex
                0x08002fbc       0x38 ./Middlewares/Third_Party/FreeRTOS/Source/queue.o
                0x08002fbc                xQueueCreateMutex
 .text.xQueueCreateMutexStatic
                0x08002ff4       0x40 ./Middlewares/Third_Party/FreeRTOS/Source/queue.o
                0x08002ff4                xQueueCreateMutexStatic
 .text.xQueueGiveMutexRecursive
                0x08003034       0x58 ./Middlewares/Third_Party/FreeRTOS/Source/queue.o
                0x08003034                xQueueGiveMutexRecursive
 .text.xQueueTakeMutexRecursive
                0x0800308c       0x62 ./Middlewares/Third_Party/FreeRTOS/Source/queue.o
                0x0800308c                xQueueTakeMutexRecursive
 .text.xQueueGenericSend
                0x080030ee      0x190 ./Middlewares/Third_Party/FreeRTOS/Source/queue.o
                0x080030ee                xQueueGenericSend
 .text.xQueueGenericSendFromISR
                0x0800327e       0xe8 ./Middlewares/Third_Party/FreeRTOS/Source/queue.o
                0x0800327e                xQueueGenericSendFromISR
 .text.xQueueReceive
                0x08003366      0x170 ./Middlewares/Third_Party/FreeRTOS/Source/queue.o
                0x08003366                xQueueReceive
 .text.xQueueSemaphoreTake
                0x080034d6      0x1bc ./Middlewares/Third_Party/FreeRTOS/Source/queue.o
                0x080034d6                xQueueSemaphoreTake
 .text.xQueueReceiveFromISR
                0x08003692       0xca ./Middlewares/Third_Party/FreeRTOS/Source/queue.o
                0x08003692                xQueueReceiveFromISR
 .text.prvGetDisinheritPriorityAfterTimeout
                0x0800375c       0x2c ./Middlewares/Third_Party/FreeRTOS/Source/queue.o
 .text.prvCopyDataToQueue
                0x08003788       0xd6 ./Middlewares/Third_Party/FreeRTOS/Source/queue.o
 .text.prvCopyDataFromQueue
                0x0800385e       0x4c ./Middlewares/Third_Party/FreeRTOS/Source/queue.o
 .text.prvUnlockQueue
                0x080038aa       0xbc ./Middlewares/Third_Party/FreeRTOS/Source/queue.o
 .text.prvIsQueueEmpty
                0x08003966       0x2c ./Middlewares/Third_Party/FreeRTOS/Source/queue.o
 .text.prvIsQueueFull
                0x08003992       0x30 ./Middlewares/Third_Party/FreeRTOS/Source/queue.o
 *fill*         0x080039c2        0x2 
 .text.vQueueAddToRegistry
                0x080039c4       0x50 ./Middlewares/Third_Party/FreeRTOS/Source/queue.o
                0x080039c4                vQueueAddToRegistry
 .text.vQueueWaitForMessageRestricted
                0x08003a14       0x66 ./Middlewares/Third_Party/FreeRTOS/Source/queue.o
                0x08003a14                vQueueWaitForMessageRestricted
 .text.xTaskCreateStatic
                0x08003a7a       0x8c ./Middlewares/Third_Party/FreeRTOS/Source/tasks.o
                0x08003a7a                xTaskCreateStatic
 .text.xTaskCreate
                0x08003b06       0x98 ./Middlewares/Third_Party/FreeRTOS/Source/tasks.o
                0x08003b06                xTaskCreate
 *fill*         0x08003b9e        0x2 
 .text.prvInitialiseNewTask
                0x08003ba0      0x104 ./Middlewares/Third_Party/FreeRTOS/Source/tasks.o
 .text.prvAddNewTaskToReadyList
                0x08003ca4       0xd0 ./Middlewares/Third_Party/FreeRTOS/Source/tasks.o
 .text.vTaskDelayUntil
                0x08003d74       0xbc ./Middlewares/Third_Party/FreeRTOS/Source/tasks.o
                0x08003d74                vTaskDelayUntil
 .text.vTaskDelay
                0x08003e30       0x4c ./Middlewares/Third_Party/FreeRTOS/Source/tasks.o
                0x08003e30                vTaskDelay
 .text.vTaskStartScheduler
                0x08003e7c       0xac ./Middlewares/Third_Party/FreeRTOS/Source/tasks.o
                0x08003e7c                vTaskStartScheduler
 .text.vTaskSuspendAll
                0x08003f28       0x18 ./Middlewares/Third_Party/FreeRTOS/Source/tasks.o
                0x08003f28                vTaskSuspendAll
 .text.xTaskResumeAll
                0x08003f40      0x118 ./Middlewares/Third_Party/FreeRTOS/Source/tasks.o
                0x08003f40                xTaskResumeAll
 .text.xTaskGetTickCount
                0x08004058       0x1c ./Middlewares/Third_Party/FreeRTOS/Source/tasks.o
                0x08004058                xTaskGetTickCount
 .text.xTaskGetTickCountFromISR
                0x08004074       0x20 ./Middlewares/Third_Party/FreeRTOS/Source/tasks.o
                0x08004074                xTaskGetTickCountFromISR
 .text.xTaskIncrementTick
                0x08004094      0x16c ./Middlewares/Third_Party/FreeRTOS/Source/tasks.o
                0x08004094                xTaskIncrementTick
 .text.vTaskSwitchContext
                0x08004200       0xa4 ./Middlewares/Third_Party/FreeRTOS/Source/tasks.o
                0x08004200                vTaskSwitchContext
 .text.vTaskPlaceOnEventList
                0x080042a4       0x40 ./Middlewares/Third_Party/FreeRTOS/Source/tasks.o
                0x080042a4                vTaskPlaceOnEventList
 .text.vTaskPlaceOnEventListRestricted
                0x080042e4       0x50 ./Middlewares/Third_Party/FreeRTOS/Source/tasks.o
                0x080042e4                vTaskPlaceOnEventListRestricted
 .text.xTaskRemoveFromEventList
                0x08004334       0xbc ./Middlewares/Third_Party/FreeRTOS/Source/tasks.o
                0x08004334                xTaskRemoveFromEventList
 .text.vTaskInternalSetTimeOutState
                0x080043f0       0x28 ./Middlewares/Third_Party/FreeRTOS/Source/tasks.o
                0x080043f0                vTaskInternalSetTimeOutState
 .text.xTaskCheckForTimeOut
                0x08004418       0xa4 ./Middlewares/Third_Party/FreeRTOS/Source/tasks.o
                0x08004418                xTaskCheckForTimeOut
 .text.vTaskMissedYield
                0x080044bc       0x14 ./Middlewares/Third_Party/FreeRTOS/Source/tasks.o
                0x080044bc                vTaskMissedYield
 .text.prvIdleTask
                0x080044d0       0x20 ./Middlewares/Third_Party/FreeRTOS/Source/tasks.o
 .text.prvInitialiseTaskLists
                0x080044f0       0x88 ./Middlewares/Third_Party/FreeRTOS/Source/tasks.o
 .text.prvCheckTasksWaitingTermination
                0x08004578       0x5c ./Middlewares/Third_Party/FreeRTOS/Source/tasks.o
 .text.prvDeleteTCB
                0x080045d4       0x52 ./Middlewares/Third_Party/FreeRTOS/Source/tasks.o
 *fill*         0x08004626        0x2 
 .text.prvResetNextTaskUnblockTime
                0x08004628       0x48 ./Middlewares/Third_Party/FreeRTOS/Source/tasks.o
 .text.xTaskGetCurrentTaskHandle
                0x08004670       0x1c ./Middlewares/Third_Party/FreeRTOS/Source/tasks.o
                0x08004670                xTaskGetCurrentTaskHandle
 .text.xTaskGetSchedulerState
                0x0800468c       0x38 ./Middlewares/Third_Party/FreeRTOS/Source/tasks.o
                0x0800468c                xTaskGetSchedulerState
 .text.xTaskPriorityInherit
                0x080046c4       0xdc ./Middlewares/Third_Party/FreeRTOS/Source/tasks.o
                0x080046c4                xTaskPriorityInherit
 .text.xTaskPriorityDisinherit
                0x080047a0       0xbc ./Middlewares/Third_Party/FreeRTOS/Source/tasks.o
                0x080047a0                xTaskPriorityDisinherit
 .text.vTaskPriorityDisinheritAfterTimeout
                0x0800485c       0xec ./Middlewares/Third_Party/FreeRTOS/Source/tasks.o
                0x0800485c                vTaskPriorityDisinheritAfterTimeout
 .text.pvTaskIncrementMutexHeldCount
                0x08004948       0x24 ./Middlewares/Third_Party/FreeRTOS/Source/tasks.o
                0x08004948                pvTaskIncrementMutexHeldCount
 .text.prvAddCurrentTaskToDelayedList
                0x0800496c       0xa8 ./Middlewares/Third_Party/FreeRTOS/Source/tasks.o
 .text.xTimerCreateTimerTask
                0x08004a14       0x80 ./Middlewares/Third_Party/FreeRTOS/Source/timers.o
                0x08004a14                xTimerCreateTimerTask
 .text.xTimerGenericCommand
                0x08004a94       0x98 ./Middlewares/Third_Party/FreeRTOS/Source/timers.o
                0x08004a94                xTimerGenericCommand
 .text.prvProcessExpiredTimer
                0x08004b2c       0x74 ./Middlewares/Third_Party/FreeRTOS/Source/timers.o
 .text.prvTimerTask
                0x08004ba0       0x2a ./Middlewares/Third_Party/FreeRTOS/Source/timers.o
 *fill*         0x08004bca        0x2 
 .text.prvProcessTimerOrBlockTask
                0x08004bcc       0x8c ./Middlewares/Third_Party/FreeRTOS/Source/timers.o
 .text.prvGetNextExpireTime
                0x08004c58       0x40 ./Middlewares/Third_Party/FreeRTOS/Source/timers.o
 .text.prvSampleTimeNow
                0x08004c98       0x40 ./Middlewares/Third_Party/FreeRTOS/Source/timers.o
 .text.prvInsertTimerInActiveList
                0x08004cd8       0x84 ./Middlewares/Third_Party/FreeRTOS/Source/timers.o
 .text.prvProcessReceivedCommands
                0x08004d5c      0x144 ./Middlewares/Third_Party/FreeRTOS/Source/timers.o
 .text.prvSwitchTimerLists
                0x08004ea0       0xb8 ./Middlewares/Third_Party/FreeRTOS/Source/timers.o
 .text.prvCheckForValidListAndQueue
                0x08004f58       0x84 ./Middlewares/Third_Party/FreeRTOS/Source/timers.o
 .text.pxPortInitialiseStack
                0x08004fdc       0x54 ./Middlewares/Third_Party/FreeRTOS/Source/portable/GCC/ARM_CM0/port.o
                0x08004fdc                pxPortInitialiseStack
 .text.prvTaskExitError
                0x08005030       0x30 ./Middlewares/Third_Party/FreeRTOS/Source/portable/GCC/ARM_CM0/port.o
 .text.SVC_Handler
                0x08005060        0xa ./Middlewares/Third_Party/FreeRTOS/Source/portable/GCC/ARM_CM0/port.o
                0x08005060                SVC_Handler
 *fill*         0x0800506a        0x6 
 .text.vPortStartFirstTask
                0x08005070       0x38 ./Middlewares/Third_Party/FreeRTOS/Source/portable/GCC/ARM_CM0/port.o
 .text.xPortStartScheduler
                0x080050a8       0x48 ./Middlewares/Third_Party/FreeRTOS/Source/portable/GCC/ARM_CM0/port.o
                0x080050a8                xPortStartScheduler
 .text.vPortYield
                0x080050f0       0x20 ./Middlewares/Third_Party/FreeRTOS/Source/portable/GCC/ARM_CM0/port.o
                0x080050f0                vPortYield
 .text.vPortEnterCritical
                0x08005110       0x24 ./Middlewares/Third_Party/FreeRTOS/Source/portable/GCC/ARM_CM0/port.o
                0x08005110                vPortEnterCritical
 .text.vPortExitCritical
                0x08005134       0x30 ./Middlewares/Third_Party/FreeRTOS/Source/portable/GCC/ARM_CM0/port.o
                0x08005134                vPortExitCritical
 .text.ulSetInterruptMaskFromISR
                0x08005164        0xc ./Middlewares/Third_Party/FreeRTOS/Source/portable/GCC/ARM_CM0/port.o
                0x08005164                ulSetInterruptMaskFromISR
 .text.vClearInterruptMaskFromISR
                0x08005170        0x8 ./Middlewares/Third_Party/FreeRTOS/Source/portable/GCC/ARM_CM0/port.o
                0x08005170                vClearInterruptMaskFromISR
 *fill*         0x08005178        0x8 
 .text.PendSV_Handler
                0x08005180       0x48 ./Middlewares/Third_Party/FreeRTOS/Source/portable/GCC/ARM_CM0/port.o
                0x08005180                PendSV_Handler
 .text.xPortSysTickHandler
                0x080051c8       0x34 ./Middlewares/Third_Party/FreeRTOS/Source/portable/GCC/ARM_CM0/port.o
                0x080051c8                xPortSysTickHandler
 .text.prvSetupTimerInterrupt
                0x080051fc       0x44 ./Middlewares/Third_Party/FreeRTOS/Source/portable/GCC/ARM_CM0/port.o
 .text.pvPortMalloc
                0x08005240      0x150 ./Middlewares/Third_Party/FreeRTOS/Source/portable/MemMang/heap_4.o
                0x08005240                pvPortMalloc
 .text.vPortFree
                0x08005390       0x94 ./Middlewares/Third_Party/FreeRTOS/Source/portable/MemMang/heap_4.o
                0x08005390                vPortFree
 .text.prvHeapInit
                0x08005424       0xc0 ./Middlewares/Third_Party/FreeRTOS/Source/portable/MemMang/heap_4.o
 .text.prvInsertBlockIntoFreeList
                0x080054e4       0xb0 ./Middlewares/Third_Party/FreeRTOS/Source/portable/MemMang/heap_4.o
 .text.memset   0x08005594       0x10 /Applications/STM32CubeIDE.app/Contents/Eclipse/plugins/com.st.stm32cube.ide.mcu.externaltools.gnu-tools-for-stm32.13.3.rel1.macos64_1.0.0.202411102158/tools/bin/../lib/gcc/arm-none-eabi/13.3.1/../../../../arm-none-eabi/lib/thumb/v6-m/nofp/libc_nano.a(libc_a-memset.o)
                0x08005594                memset
 .text.__libc_init_array
                0x080055a4       0x48 /Applications/STM32CubeIDE.app/Contents/Eclipse/plugins/com.st.stm32cube.ide.mcu.externaltools.gnu-tools-for-stm32.13.3.rel1.macos64_1.0.0.202411102158/tools/bin/../lib/gcc/arm-none-eabi/13.3.1/../../../../arm-none-eabi/lib/thumb/v6-m/nofp/libc_nano.a(libc_a-init.o)
                0x080055a4                __libc_init_array
 .text.memcpy   0x080055ec       0x12 /Applications/STM32CubeIDE.app/Contents/Eclipse/plugins/com.st.stm32cube.ide.mcu.externaltools.gnu-tools-for-stm32.13.3.rel1.macos64_1.0.0.202411102158/tools/bin/../lib/gcc/arm-none-eabi/13.3.1/../../../../arm-none-eabi/lib/thumb/v6-m/nofp/libc_nano.a(libc_a-memcpy-stub.o)
                0x080055ec                memcpy
 *(.glue_7)
 .glue_7        0x080055fe        0x0 linker stubs
 *(.glue_7t)
 .glue_7t       0x080055fe        0x0 linker stubs
 *(.eh_frame)
 *fill*         0x080055fe        0x2 
 .eh_frame      0x08005600        0x0 /Applications/STM32CubeIDE.app/Contents/Eclipse/plugins/com.st.stm32cube.ide.mcu.externaltools.gnu-tools-for-stm32.13.3.rel1.macos64_1.0.0.202411102158/tools/bin/../lib/gcc/arm-none-eabi/13.3.1/thumb/v6-m/nofp/crtbegin.o
 *(.init)
 .init          0x08005600        0x4 /Applications/STM32CubeIDE.app/Contents/Eclipse/plugins/com.st.stm32cube.ide.mcu.externaltools.gnu-tools-for-stm32.13.3.rel1.macos64_1.0.0.202411102158/tools/bin/../lib/gcc/arm-none-eabi/13.3.1/thumb/v6-m/nofp/crti.o
                0x08005600                _init
 .init          0x08005604        0x8 /Applications/STM32CubeIDE.app/Contents/Eclipse/plugins/com.st.stm32cube.ide.mcu.externaltools.gnu-tools-for-stm32.13.3.rel1.macos64_1.0.0.202411102158/tools/bin/../lib/gcc/arm-none-eabi/13.3.1/thumb/v6-m/nofp/crtn.o
 *(.fini)
 .fini          0x0800560c        0x4 /Applications/STM32CubeIDE.app/Contents/Eclipse/plugins/com.st.stm32cube.ide.mcu.externaltools.gnu-tools-for-stm32.13.3.rel1.macos64_1.0.0.202411102158/tools/bin/../lib/gcc/arm-none-eabi/13.3.1/thumb/v6-m/nofp/crti.o
                0x0800560c                _fini
 .fini          0x08005610        0x8 /Applications/STM32CubeIDE.app/Contents/Eclipse/plugins/com.st.stm32cube.ide.mcu.externaltools.gnu-tools-for-stm32.13.3.rel1.macos64_1.0.0.202411102158/tools/bin/../lib/gcc/arm-none-eabi/13.3.1/thumb/v6-m/nofp/crtn.o
                0x08005618                        . = ALIGN (0x4)
                0x08005618                        _etext = .

.vfp11_veneer   0x08005618        0x0
 .vfp11_veneer  0x08005618        0x0 linker stubs

.v4_bx          0x08005618        0x0
 .v4_bx         0x08005618        0x0 linker stubs

.iplt           0x08005618        0x0
 .iplt          0x08005618        0x0 /Applications/STM32CubeIDE.app/Contents/Eclipse/plugins/com.st.stm32cube.ide.mcu.externaltools.gnu-tools-for-stm32.13.3.rel1.macos64_1.0.0.202411102158/tools/bin/../lib/gcc/arm-none-eabi/13.3.1/thumb/v6-m/nofp/crtbegin.o

.rodata         0x08005618      0xb74
                0x08005618                        . = ALIGN (0x4)
 *(.rodata)
 .rodata        0x08005618      0x682 ./Core/Src/main.o
 *fill*         0x08005c9a        0x2 
 .rodata        0x08005c9c        0x5 ./Middlewares/Third_Party/FreeRTOS/Source/tasks.o
 *fill*         0x08005ca1        0x3 
 .rodata        0x08005ca4        0xd ./Middlewares/Third_Party/FreeRTOS/Source/timers.o
 *(.rodata*)
 *fill*         0x08005cb1        0x3 
 .rodata.font8x8
                0x08005cb4      0x400 ./Core/Src/gfx01m2.o
 .rodata.SpriteColor
                0x080060b4       0x64 ./Core/Src/main.o
 .rodata.RenderTask
                0x08006118       0x1c ./Core/Src/main.o
 .rodata.AHBPrescTable
                0x08006134       0x10 ./Core/Src/system_stm32f0xx.o
                0x08006134                AHBPrescTable
 .rodata.aPLLMULFactorTable.1
                0x08006144       0x10 ./Drivers/STM32F0xx_HAL_Driver/Src/stm32f0xx_hal_rcc.o
 .rodata.aPredivFactorTable.0
                0x08006154       0x10 ./Drivers/STM32F0xx_HAL_Driver/Src/stm32f0xx_hal_rcc.o
 .rodata.prvProcessReceivedCommands
                0x08006164       0x28 ./Middlewares/Third_Party/FreeRTOS/Source/timers.o
                0x0800618c                        . = ALIGN (0x4)

.ARM.extab      0x0800618c        0x0
                0x0800618c                        . = ALIGN (0x4)
 *(.ARM.extab* .gnu.linkonce.armextab.*)
                0x0800618c                        . = ALIGN (0x4)

.ARM            0x0800618c        0x0
                0x0800618c                        . = ALIGN (0x4)
                0x0800618c                        __exidx_start = .
 *(.ARM.exidx*)
                0x0800618c                        __exidx_end = .
                0x0800618c                        . = ALIGN (0x4)

.preinit_array  0x0800618c        0x0
                0x0800618c                        . = ALIGN (0x4)
                0x0800618c                        PROVIDE (__preinit_array_start = .)
 *(.preinit_array*)
                0x0800618c                        PROVIDE (__preinit_array_end = .)
                0x0800618c                        . = ALIGN (0x4)

.init_array     0x0800618c        0x4
                0x0800618c                        . = ALIGN (0x4)
                0x0800618c                        PROVIDE (__init_array_start = .)
 *(SORT_BY_NAME(.init_array.*))
 *(.init_array*)
 .init_array    0x0800618c        0x4 /Applications/STM32CubeIDE.app/Contents/Eclipse/plugins/com.st.stm32cube.ide.mcu.externaltools.gnu-tools-for-stm32.13.3.rel1.macos64_1.0.0.202411102158/tools/bin/../lib/gcc/arm-none-eabi/13.3.1/thumb/v6-m/nofp/crtbegin.o
                0x08006190                        PROVIDE (__init_array_end = .)
                0x08006190                        . = ALIGN (0x4)

.fini_array     0x08006190        0x4
                0x08006190                        . = ALIGN (0x4)
                [!provide]                        PROVIDE (__fini_array_start = .)
 *(SORT_BY_NAME(.fini_array.*))
 *(.fini_array*)
 .fini_array    0x08006190        0x4 /Applications/STM32CubeIDE.app/Contents/Eclipse/plugins/com.st.stm32cube.ide.mcu.externaltools.gnu-tools-for-stm32.13.3.rel1.macos64_1.0.0.202411102158/tools/bin/../lib/gcc/arm-none-eabi/13.3.1/thumb/v6-m/nofp/crtbegin.o
                [!provide]                        PROVIDE (__fini_array_end = .)
                0x08006194                        . = ALIGN (0x4)
                0x08006194                        _sidata = LOADADDR (.data)

.rel.dyn        0x08006194        0x0
 .rel.iplt      0x08006194        0x0 /Applications/STM32CubeIDE.app/Contents/Eclipse/plugins/com.st.stm32cube.ide.mcu.externaltools.gnu-tools-for-stm32.13.3.rel1.macos64_1.0.0.202411102158/tools/bin/../lib/gcc/arm-none-eabi/13.3.1/thumb/v6-m/nofp/crtbegin.o

.data           0x20000000      0x384 load address 0x08006194
                0x20000000                        . = ALIGN (0x4)
                0x20000000                        _sdata = .
 *(.data)
 *(.data*)
 .data.pet      0x20000000       0x14 ./Core/Src/main.o
 .data.FACE     0x20000014       0x60 ./Core/Src/main.o
 .data.IDLE_0   0x20000074       0x60 ./Core/Src/main.o
 .data.IDLE_1   0x200000d4       0x60 ./Core/Src/main.o
 .data.EAT_0    0x20000134       0x60 ./Core/Src/main.o
 .data.EAT_1    0x20000194       0x60 ./Core/Src/main.o
 .data.PLAY_0   0x200001f4       0x60 ./Core/Src/main.o
 .data.PLAY_1   0x20000254       0x60 ./Core/Src/main.o
 .data.SLEEP_0  0x200002b4       0x60 ./Core/Src/main.o
 .data.SLEEP_1  0x20000314       0x60 ./Core/Src/main.o
 .data.SystemCoreClock
                0x20000374        0x4 ./Core/Src/system_stm32f0xx.o
                0x20000374                SystemCoreClock
 .data.uwTickPrio
                0x20000378        0x4 ./Drivers/STM32F0xx_HAL_Driver/Src/stm32f0xx_hal.o
                0x20000378                uwTickPrio
 .data.uwTickFreq
                0x2000037c        0x1 ./Drivers/STM32F0xx_HAL_Driver/Src/stm32f0xx_hal.o
                0x2000037c                uwTickFreq
 *fill*         0x2000037d        0x3 
 .data.uxCriticalNesting
                0x20000380        0x4 ./Middlewares/Third_Party/FreeRTOS/Source/portable/GCC/ARM_CM0/port.o
 *(.RamFunc)
 *(.RamFunc*)
                0x20000384                        . = ALIGN (0x4)
                0x20000384                        _edata = .

.igot.plt       0x20000384        0x0 load address 0x08006518
 .igot.plt      0x20000384        0x0 /Applications/STM32CubeIDE.app/Contents/Eclipse/plugins/com.st.stm32cube.ide.mcu.externaltools.gnu-tools-for-stm32.13.3.rel1.macos64_1.0.0.202411102158/tools/bin/../lib/gcc/arm-none-eabi/13.3.1/thumb/v6-m/nofp/crtbegin.o
                0x20000384                        . = ALIGN (0x4)

.bss            0x20000384     0x1978 load address 0x08006518
                0x20000384                        _sbss = .
                0x20000384                        __bss_start__ = _sbss
 *(.bss)
 .bss           0x20000384       0x1c /Applications/STM32CubeIDE.app/Contents/Eclipse/plugins/com.st.stm32cube.ide.mcu.externaltools.gnu-tools-for-stm32.13.3.rel1.macos64_1.0.0.202411102158/tools/bin/../lib/gcc/arm-none-eabi/13.3.1/thumb/v6-m/nofp/crtbegin.o
 *(.bss*)
 .bss.renderTaskHandle
                0x200003a0        0x4 ./Core/Src/main.o
 .bss.inputTaskHandle
                0x200003a4        0x4 ./Core/Src/main.o
 .bss.logicTaskHandle
                0x200003a8        0x4 ./Core/Src/main.o
 .bss.lcdMutex  0x200003ac        0x4 ./Core/Src/main.o
 .bss.inputQueue
                0x200003b0        0x4 ./Core/Src/main.o
 .bss.clear_screen_flag
                0x200003b4        0x1 ./Core/Src/main.o
 *fill*         0x200003b5        0x3 
 .bss.uwTick    0x200003b8        0x4 ./Drivers/STM32F0xx_HAL_Driver/Src/stm32f0xx_hal.o
                0x200003b8                uwTick
 .bss.KernelState
                0x200003bc        0x4 ./Middlewares/Third_Party/FreeRTOS/Source/CMSIS_RTOS_V2/cmsis_os2.o
 .bss.Idle_TCB  0x200003c0       0x5c ./Middlewares/Third_Party/FreeRTOS/Source/CMSIS_RTOS_V2/cmsis_os2.o
 .bss.Idle_Stack
                0x2000041c      0x200 ./Middlewares/Third_Party/FreeRTOS/Source/CMSIS_RTOS_V2/cmsis_os2.o
 .bss.Timer_TCB
                0x2000061c       0x5c ./Middlewares/Third_Party/FreeRTOS/Source/CMSIS_RTOS_V2/cmsis_os2.o
 .bss.Timer_Stack
                0x20000678      0x400 ./Middlewares/Third_Party/FreeRTOS/Source/CMSIS_RTOS_V2/cmsis_os2.o
 .bss.xQueueRegistry
                0x20000a78       0x40 ./Middlewares/Third_Party/FreeRTOS/Source/queue.o
                0x20000a78                xQueueRegistry
 .bss.pxCurrentTCB
                0x20000ab8        0x4 ./Middlewares/Third_Party/FreeRTOS/Source/tasks.o
                0x20000ab8                pxCurrentTCB
 .bss.pxReadyTasksLists
                0x20000abc      0x460 ./Middlewares/Third_Party/FreeRTOS/Source/tasks.o
 .bss.xDelayedTaskList1
                0x20000f1c       0x14 ./Middlewares/Third_Party/FreeRTOS/Source/tasks.o
 .bss.xDelayedTaskList2
                0x20000f30       0x14 ./Middlewares/Third_Party/FreeRTOS/Source/tasks.o
 .bss.pxDelayedTaskList
                0x20000f44        0x4 ./Middlewares/Third_Party/FreeRTOS/Source/tasks.o
 .bss.pxOverflowDelayedTaskList
                0x20000f48        0x4 ./Middlewares/Third_Party/FreeRTOS/Source/tasks.o
 .bss.xPendingReadyList
                0x20000f4c       0x14 ./Middlewares/Third_Party/FreeRTOS/Source/tasks.o
 .bss.xTasksWaitingTermination
                0x20000f60       0x14 ./Middlewares/Third_Party/FreeRTOS/Source/tasks.o
 .bss.uxDeletedTasksWaitingCleanUp
                0x20000f74        0x4 ./Middlewares/Third_Party/FreeRTOS/Source/tasks.o
 .bss.xSuspendedTaskList
                0x20000f78       0x14 ./Middlewares/Third_Party/FreeRTOS/Source/tasks.o
 .bss.uxCurrentNumberOfTasks
                0x20000f8c        0x4 ./Middlewares/Third_Party/FreeRTOS/Source/tasks.o
 .bss.xTickCount
                0x20000f90        0x4 ./Middlewares/Third_Party/FreeRTOS/Source/tasks.o
 .bss.uxTopReadyPriority
                0x20000f94        0x4 ./Middlewares/Third_Party/FreeRTOS/Source/tasks.o
 .bss.xSchedulerRunning
                0x20000f98        0x4 ./Middlewares/Third_Party/FreeRTOS/Source/tasks.o
 .bss.uxPendedTicks
                0x20000f9c        0x4 ./Middlewares/Third_Party/FreeRTOS/Source/tasks.o
 .bss.xYieldPending
                0x20000fa0        0x4 ./Middlewares/Third_Party/FreeRTOS/Source/tasks.o
 .bss.xNumOfOverflows
                0x20000fa4        0x4 ./Middlewares/Third_Party/FreeRTOS/Source/tasks.o
 .bss.uxTaskNumber
                0x20000fa8        0x4 ./Middlewares/Third_Party/FreeRTOS/Source/tasks.o
 .bss.xNextTaskUnblockTime
                0x20000fac        0x4 ./Middlewares/Third_Party/FreeRTOS/Source/tasks.o
 .bss.xIdleTaskHandle
                0x20000fb0        0x4 ./Middlewares/Third_Party/FreeRTOS/Source/tasks.o
 .bss.uxSchedulerSuspended
                0x20000fb4        0x4 ./Middlewares/Third_Party/FreeRTOS/Source/tasks.o
 .bss.xActiveTimerList1
                0x20000fb8       0x14 ./Middlewares/Third_Party/FreeRTOS/Source/timers.o
 .bss.xActiveTimerList2
                0x20000fcc       0x14 ./Middlewares/Third_Party/FreeRTOS/Source/timers.o
 .bss.pxCurrentTimerList
                0x20000fe0        0x4 ./Middlewares/Third_Party/FreeRTOS/Source/timers.o
 .bss.pxOverflowTimerList
                0x20000fe4        0x4 ./Middlewares/Third_Party/FreeRTOS/Source/timers.o
 .bss.xTimerQueue
                0x20000fe8        0x4 ./Middlewares/Third_Party/FreeRTOS/Source/timers.o
 .bss.xTimerTaskHandle
                0x20000fec        0x4 ./Middlewares/Third_Party/FreeRTOS/Source/timers.o
 .bss.xLastTime.2
                0x20000ff0        0x4 ./Middlewares/Third_Party/FreeRTOS/Source/timers.o
 .bss.ucStaticTimerQueueStorage.1
                0x20000ff4       0xa0 ./Middlewares/Third_Party/FreeRTOS/Source/timers.o
 .bss.xStaticTimerQueue.0
                0x20001094       0x50 ./Middlewares/Third_Party/FreeRTOS/Source/timers.o
 .bss.ucHeap    0x200010e4      0xc00 ./Middlewares/Third_Party/FreeRTOS/Source/portable/MemMang/heap_4.o
 .bss.xStart    0x20001ce4        0x8 ./Middlewares/Third_Party/FreeRTOS/Source/portable/MemMang/heap_4.o
 .bss.pxEnd     0x20001cec        0x4 ./Middlewares/Third_Party/FreeRTOS/Source/portable/MemMang/heap_4.o
 .bss.xFreeBytesRemaining
                0x20001cf0        0x4 ./Middlewares/Third_Party/FreeRTOS/Source/portable/MemMang/heap_4.o
 .bss.xMinimumEverFreeBytesRemaining
                0x20001cf4        0x4 ./Middlewares/Third_Party/FreeRTOS/Source/portable/MemMang/heap_4.o
 .bss.xBlockAllocatedBit
                0x20001cf8        0x4 ./Middlewares/Third_Party/FreeRTOS/Source/portable/MemMang/heap_4.o
 *(COMMON)
                0x20001cfc                        . = ALIGN (0x4)
                0x20001cfc                        _ebss = .
                0x20001cfc                        __bss_end__ = _ebss

._user_heap_stack
                0x20001cfc      0x604 load address 0x08006518
                0x20001d00                        . = ALIGN (0x8)
 *fill*         0x20001cfc        0x4 
                [!provide]                        PROVIDE (end = .)
                0x20001d00                        PROVIDE (_end = .)
                0x20001f00                        . = (. + _Min_Heap_Size)
 *fill*         0x20001d00      0x200 
                0x20002300                        . = (. + _Min_Stack_Size)
 *fill*         0x20001f00      0x400 
                0x20002300                        . = ALIGN (0x8)

/DISCARD/
 libc.a(*)
 libm.a(*)
 libgcc.a(*)

.ARM.attributes
                0x00000000       0x28
 *(.ARM.attributes)
 .ARM.attributes
                0x00000000       0x1e /Applications/STM32CubeIDE.app/Contents/Eclipse/plugins/com.st.stm32cube.ide.mcu.externaltools.gnu-tools-for-stm32.13.3.rel1.macos64_1.0.0.202411102158/tools/bin/../lib/gcc/arm-none-eabi/13.3.1/thumb/v6-m/nofp/crti.o
 .ARM.attributes
                0x0000001e       0x2c /Applications/STM32CubeIDE.app/Contents/Eclipse/plugins/com.st.stm32cube.ide.mcu.externaltools.gnu-tools-for-stm32.13.3.rel1.macos64_1.0.0.202411102158/tools/bin/../lib/gcc/arm-none-eabi/13.3.1/thumb/v6-m/nofp/crtbegin.o
 .ARM.attributes
                0x0000004a       0x2c ./Core/Src/gfx01m2.o
 .ARM.attributes
                0x00000076       0x2c ./Core/Src/main.o
 .ARM.attributes
                0x000000a2       0x2c ./Core/Src/stm32f0xx_hal_msp.o
 .ARM.attributes
                0x000000ce       0x2c ./Core/Src/stm32f0xx_it.o
 .ARM.attributes
                0x000000fa       0x2c ./Core/Src/system_stm32f0xx.o
 .ARM.attributes
                0x00000126       0x21 ./Core/Startup/startup_stm32f091rctx.o
 .ARM.attributes
                0x00000147       0x2c ./Drivers/STM32F0xx_HAL_Driver/Src/stm32f0xx_hal.o
 .ARM.attributes
                0x00000173       0x2c ./Drivers/STM32F0xx_HAL_Driver/Src/stm32f0xx_hal_cortex.o
 .ARM.attributes
                0x0000019f       0x2c ./Drivers/STM32F0xx_HAL_Driver/Src/stm32f0xx_hal_rcc.o
 .ARM.attributes
                0x000001cb       0x2c ./Drivers/STM32F0xx_HAL_Driver/Src/stm32f0xx_hal_rcc_ex.o
 .ARM.attributes
                0x000001f7       0x2c ./Middlewares/Third_Party/FreeRTOS/Source/CMSIS_RTOS_V2/cmsis_os2.o
 .ARM.attributes
                0x00000223       0x2c ./Middlewares/Third_Party/FreeRTOS/Source/list.o
 .ARM.attributes
                0x0000024f       0x2c ./Middlewares/Third_Party/FreeRTOS/Source/queue.o
 .ARM.attributes
                0x0000027b       0x2c ./Middlewares/Third_Party/FreeRTOS/Source/tasks.o
 .ARM.attributes
                0x000002a7       0x2c ./Middlewares/Third_Party/FreeRTOS/Source/timers.o
 .ARM.attributes
                0x000002d3       0x2c ./Middlewares/Third_Party/FreeRTOS/Source/portable/GCC/ARM_CM0/port.o
 .ARM.attributes
                0x000002ff       0x2c ./Middlewares/Third_Party/FreeRTOS/Source/portable/MemMang/heap_4.o
 .ARM.attributes
                0x0000032b       0x2c /Applications/STM32CubeIDE.app/Contents/Eclipse/plugins/com.st.stm32cube.ide.mcu.externaltools.gnu-tools-for-stm32.13.3.rel1.macos64_1.0.0.202411102158/tools/bin/../lib/gcc/arm-none-eabi/13.3.1/../../../../arm-none-eabi/lib/thumb/v6-m/nofp/libc_nano.a(libc_a-memset.o)
 .ARM.attributes
                0x00000357       0x2c /Applications/STM32CubeIDE.app/Contents/Eclipse/plugins/com.st.stm32cube.ide.mcu.externaltools.gnu-tools-for-stm32.13.3.rel1.macos64_1.0.0.202411102158/tools/bin/../lib/gcc/arm-none-eabi/13.3.1/../../../../arm-none-eabi/lib/thumb/v6-m/nofp/libc_nano.a(libc_a-init.o)
 .ARM.attributes
                0x00000383       0x2c /Applications/STM32CubeIDE.app/Contents/Eclipse/plugins/com.st.stm32cube.ide.mcu.externaltools.gnu-tools-for-stm32.13.3.rel1.macos64_1.0.0.202411102158/tools/bin/../lib/gcc/arm-none-eabi/13.3.1/../../../../arm-none-eabi/lib/thumb/v6-m/nofp/libc_nano.a(libc_a-memcpy-stub.o)
 .ARM.attributes
                0x000003af       0x1e /Applications/STM32CubeIDE.app/Contents/Eclipse/plugins/com.st.stm32cube.ide.mcu.externaltools.gnu-tools-for-stm32.13.3.rel1.macos64_1.0.0.202411102158/tools/bin/../lib/gcc/arm-none-eabi/13.3.1/thumb/v6-m/nofp/libgcc.a(_udivsi3.o)
 .ARM.attributes
                0x000003cd       0x1e /Applications/STM32CubeIDE.app/Contents/Eclipse/plugins/com.st.stm32cube.ide.mcu.externaltools.gnu-tools-for-stm32.13.3.rel1.macos64_1.0.0.202411102158/tools/bin/../lib/gcc/arm-none-eabi/13.3.1/thumb/v6-m/nofp/libgcc.a(_dvmd_tls.o)
 .ARM.attributes
                0x000003eb       0x1e /Applications/STM32CubeIDE.app/Contents/Eclipse/plugins/com.st.stm32cube.ide.mcu.externaltools.gnu-tools-for-stm32.13.3.rel1.macos64_1.0.0.202411102158/tools/bin/../lib/gcc/arm-none-eabi/13.3.1/thumb/v6-m/nofp/crtn.o
OUTPUT(VirtualPet.elf elf32-littlearm)
LOAD linker stubs
LOAD /Applications/STM32CubeIDE.app/Contents/Eclipse/plugins/com.st.stm32cube.ide.mcu.externaltools.gnu-tools-for-stm32.13.3.rel1.macos64_1.0.0.202411102158/tools/bin/../lib/gcc/arm-none-eabi/13.3.1/../../../../arm-none-eabi/lib/thumb/v6-m/nofp/libc.a
LOAD /Applications/STM32CubeIDE.app/Contents/Eclipse/plugins/com.st.stm32cube.ide.mcu.externaltools.gnu-tools-for-stm32.13.3.rel1.macos64_1.0.0.202411102158/tools/bin/../lib/gcc/arm-none-eabi/13.3.1/../../../../arm-none-eabi/lib/thumb/v6-m/nofp/libm.a
LOAD /Applications/STM32CubeIDE.app/Contents/Eclipse/plugins/com.st.stm32cube.ide.mcu.externaltools.gnu-tools-for-stm32.13.3.rel1.macos64_1.0.0.202411102158/tools/bin/../lib/gcc/arm-none-eabi/13.3.1/thumb/v6-m/nofp/libgcc.a

.debug_info     0x00000000     0xbb9c
 .debug_info    0x00000000      0x5bd ./Core/Src/gfx01m2.o
 .debug_info    0x000005bd     0x1009 ./Core/Src/main.o
 .debug_info    0x000015c6      0xa2d ./Core/Src/stm32f0xx_hal_msp.o
 .debug_info    0x00001ff3       0xdb ./Core/Src/stm32f0xx_it.o
 .debug_info    0x000020ce      0x242 ./Core/Src/system_stm32f0xx.o
 .debug_info    0x00002310       0x30 ./Core/Startup/startup_stm32f091rctx.o
 .debug_info    0x00002340      0x6c3 ./Drivers/STM32F0xx_HAL_Driver/Src/stm32f0xx_hal.o
 .debug_info    0x00002a03      0x6bf ./Drivers/STM32F0xx_HAL_Driver/Src/stm32f0xx_hal_cortex.o
 .debug_info    0x000030c2      0x83f ./Drivers/STM32F0xx_HAL_Driver/Src/stm32f0xx_hal_rcc.o
 .debug_info    0x00003901      0x5e7 ./Drivers/STM32F0xx_HAL_Driver/Src/stm32f0xx_hal_rcc_ex.o
 .debug_info    0x00003ee8     0x32e6 ./Middlewares/Third_Party/FreeRTOS/Source/CMSIS_RTOS_V2/cmsis_os2.o
 .debug_info    0x000071ce      0x2aa ./Middlewares/Third_Party/FreeRTOS/Source/list.o
 .debug_info    0x00007478     0x14a2 ./Middlewares/Third_Party/FreeRTOS/Source/queue.o
 .debug_info    0x0000891a     0x1b26 ./Middlewares/Third_Party/FreeRTOS/Source/tasks.o
 .debug_info    0x0000a440     0x11ca ./Middlewares/Third_Party/FreeRTOS/Source/timers.o
 .debug_info    0x0000b60a      0x289 ./Middlewares/Third_Party/FreeRTOS/Source/portable/GCC/ARM_CM0/port.o
 .debug_info    0x0000b893      0x309 ./Middlewares/Third_Party/FreeRTOS/Source/portable/MemMang/heap_4.o

.debug_abbrev   0x00000000     0x2307
 .debug_abbrev  0x00000000      0x1d0 ./Core/Src/gfx01m2.o
 .debug_abbrev  0x000001d0      0x2c3 ./Core/Src/main.o
 .debug_abbrev  0x00000493      0x1c7 ./Core/Src/stm32f0xx_hal_msp.o
 .debug_abbrev  0x0000065a       0xaa ./Core/Src/stm32f0xx_it.o
 .debug_abbrev  0x00000704      0x11c ./Core/Src/system_stm32f0xx.o
 .debug_abbrev  0x00000820       0x24 ./Core/Startup/startup_stm32f091rctx.o
 .debug_abbrev  0x00000844      0x213 ./Drivers/STM32F0xx_HAL_Driver/Src/stm32f0xx_hal.o
 .debug_abbrev  0x00000a57      0x28c ./Drivers/STM32F0xx_HAL_Driver/Src/stm32f0xx_hal_cortex.o
 .debug_abbrev  0x00000ce3      0x28c ./Drivers/STM32F0xx_HAL_Driver/Src/stm32f0xx_hal_rcc.o
 .debug_abbrev  0x00000f6f      0x1a7 ./Drivers/STM32F0xx_HAL_Driver/Src/stm32f0xx_hal_rcc_ex.o
 .debug_abbrev  0x00001116      0x3ff ./Middlewares/Third_Party/FreeRTOS/Source/CMSIS_RTOS_V2/cmsis_os2.o
 .debug_abbrev  0x00001515       0xf5 ./Middlewares/Third_Party/FreeRTOS/Source/list.o
 .debug_abbrev  0x0000160a      0x341 ./Middlewares/Third_Party/FreeRTOS/Source/queue.o
 .debug_abbrev  0x0000194b      0x329 ./Middlewares/Third_Party/FreeRTOS/Source/tasks.o
 .debug_abbrev  0x00001c74      0x308 ./Middlewares/Third_Party/FreeRTOS/Source/timers.o
 .debug_abbrev  0x00001f7c      0x1ea ./Middlewares/Third_Party/FreeRTOS/Source/portable/GCC/ARM_CM0/port.o
 .debug_abbrev  0x00002166      0x1a1 ./Middlewares/Third_Party/FreeRTOS/Source/portable/MemMang/heap_4.o

.debug_aranges  0x00000000      0xbd8
 .debug_aranges
                0x00000000       0x70 ./Core/Src/gfx01m2.o
 .debug_aranges
                0x00000070       0xc0 ./Core/Src/main.o
 .debug_aranges
                0x00000130       0x30 ./Core/Src/stm32f0xx_hal_msp.o
 .debug_aranges
                0x00000160       0x30 ./Core/Src/stm32f0xx_it.o
 .debug_aranges
                0x00000190       0x28 ./Core/Src/system_stm32f0xx.o
 .debug_aranges
                0x000001b8       0x28 ./Core/Startup/startup_stm32f091rctx.o
 .debug_aranges
                0x000001e0       0xd0 ./Drivers/STM32F0xx_HAL_Driver/Src/stm32f0xx_hal.o
 .debug_aranges
                0x000002b0       0xc0 ./Drivers/STM32F0xx_HAL_Driver/Src/stm32f0xx_hal_cortex.o
 .debug_aranges
                0x00000370       0x80 ./Drivers/STM32F0xx_HAL_Driver/Src/stm32f0xx_hal_rcc.o
 .debug_aranges
                0x000003f0       0x78 ./Drivers/STM32F0xx_HAL_Driver/Src/stm32f0xx_hal_rcc_ex.o
 .debug_aranges
                0x00000468      0x228 ./Middlewares/Third_Party/FreeRTOS/Source/CMSIS_RTOS_V2/cmsis_os2.o
 .debug_aranges
                0x00000690       0x40 ./Middlewares/Third_Party/FreeRTOS/Source/list.o
 .debug_aranges
                0x000006d0      0x158 ./Middlewares/Third_Party/FreeRTOS/Source/queue.o
 .debug_aranges
                0x00000828      0x1f8 ./Middlewares/Third_Party/FreeRTOS/Source/tasks.o
 .debug_aranges
                0x00000a20       0xe0 ./Middlewares/Third_Party/FreeRTOS/Source/timers.o
 .debug_aranges
                0x00000b00       0x88 ./Middlewares/Third_Party/FreeRTOS/Source/portable/GCC/ARM_CM0/port.o
 .debug_aranges
                0x00000b88       0x50 ./Middlewares/Third_Party/FreeRTOS/Source/portable/MemMang/heap_4.o

.debug_rnglists
                0x00000000      0x8f7
 .debug_rnglists
                0x00000000       0x54 ./Core/Src/gfx01m2.o
 .debug_rnglists
                0x00000054       0x94 ./Core/Src/main.o
 .debug_rnglists
                0x000000e8       0x20 ./Core/Src/stm32f0xx_hal_msp.o
 .debug_rnglists
                0x00000108       0x1f ./Core/Src/stm32f0xx_it.o
 .debug_rnglists
                0x00000127       0x1a ./Core/Src/system_stm32f0xx.o
 .debug_rnglists
                0x00000141       0x19 ./Core/Startup/startup_stm32f091rctx.o
 .debug_rnglists
                0x0000015a       0x97 ./Drivers/STM32F0xx_HAL_Driver/Src/stm32f0xx_hal.o
 .debug_rnglists
                0x000001f1       0x8c ./Drivers/STM32F0xx_HAL_Driver/Src/stm32f0xx_hal_cortex.o
 .debug_rnglists
                0x0000027d       0x61 ./Drivers/STM32F0xx_HAL_Driver/Src/stm32f0xx_hal_rcc.o
 .debug_rnglists
                0x000002de       0x5b ./Drivers/STM32F0xx_HAL_Driver/Src/stm32f0xx_hal_rcc_ex.o
 .debug_rnglists
                0x00000339      0x1b0 ./Middlewares/Third_Party/FreeRTOS/Source/CMSIS_RTOS_V2/cmsis_os2.o
 .debug_rnglists
                0x000004e9       0x2b ./Middlewares/Third_Party/FreeRTOS/Source/list.o
 .debug_rnglists
                0x00000514      0x109 ./Middlewares/Third_Party/FreeRTOS/Source/queue.o
 .debug_rnglists
                0x0000061d      0x194 ./Middlewares/Third_Party/FreeRTOS/Source/tasks.o
 .debug_rnglists
                0x000007b1       0xaa ./Middlewares/Third_Party/FreeRTOS/Source/timers.o
 .debug_rnglists
                0x0000085b       0x61 ./Middlewares/Third_Party/FreeRTOS/Source/portable/GCC/ARM_CM0/port.o
 .debug_rnglists
                0x000008bc       0x3b ./Middlewares/Third_Party/FreeRTOS/Source/portable/MemMang/heap_4.o

.debug_macro    0x00000000     0x2bef
 .debug_macro   0x00000000      0x21f ./Core/Src/gfx01m2.o
 .debug_macro   0x0000021f       0x2e ./Core/Src/gfx01m2.o
 .debug_macro   0x0000024d      0x307 ./Core/Src/main.o
 .debug_macro   0x00000554       0x74 ./Core/Src/main.o
 .debug_macro   0x000005c8       0x61 ./Core/Src/main.o
 .debug_macro   0x00000629       0x24 ./Core/Src/main.o
 .debug_macro   0x0000064d       0x43 ./Core/Src/main.o
 .debug_macro   0x00000690       0x34 ./Core/Src/main.o
 .debug_macro   0x000006c4      0x370 ./Core/Src/main.o
 .debug_macro   0x00000a34       0x16 ./Core/Src/main.o
 .debug_macro   0x00000a4a       0x4a ./Core/Src/main.o
 .debug_macro   0x00000a94       0x34 ./Core/Src/main.o
 .debug_macro   0x00000ac8       0x10 ./Core/Src/main.o
 .debug_macro   0x00000ad8       0x58 ./Core/Src/main.o
 .debug_macro   0x00000b30       0x8e ./Core/Src/main.o
 .debug_macro   0x00000bbe       0x1c ./Core/Src/main.o
 .debug_macro   0x00000bda      0x185 ./Core/Src/main.o
 .debug_macro   0x00000d5f       0x10 ./Core/Src/main.o
 .debug_macro   0x00000d6f       0x3c ./Core/Src/main.o
 .debug_macro   0x00000dab       0x20 ./Core/Src/main.o
 .debug_macro   0x00000dcb       0x1c ./Core/Src/main.o
 .debug_macro   0x00000de7       0x10 ./Core/Src/main.o
 .debug_macro   0x00000df7       0x1c ./Core/Src/main.o
 .debug_macro   0x00000e13       0x16 ./Core/Src/main.o
 .debug_macro   0x00000e29      0x146 ./Core/Src/main.o
 .debug_macro   0x00000f6f       0x34 ./Core/Src/main.o
 .debug_macro   0x00000fa3      0x1bd ./Core/Src/stm32f0xx_hal_msp.o
 .debug_macro   0x00001160      0x22f ./Core/Src/stm32f0xx_it.o
 .debug_macro   0x0000138f      0x1ae ./Core/Src/system_stm32f0xx.o
 .debug_macro   0x0000153d      0x1d2 ./Drivers/STM32F0xx_HAL_Driver/Src/stm32f0xx_hal.o
 .debug_macro   0x0000170f      0x1ae ./Drivers/STM32F0xx_HAL_Driver/Src/stm32f0xx_hal_cortex.o
 .debug_macro   0x000018bd      0x1c0 ./Drivers/STM32F0xx_HAL_Driver/Src/stm32f0xx_hal_rcc.o
 .debug_macro   0x00001a7d      0x1c0 ./Drivers/STM32F0xx_HAL_Driver/Src/stm32f0xx_hal_rcc_ex.o
 .debug_macro   0x00001c3d      0x247 ./Middlewares/Third_Party/FreeRTOS/Source/CMSIS_RTOS_V2/cmsis_os2.o
 .debug_macro   0x00001e84       0x10 ./Middlewares/Third_Party/FreeRTOS/Source/CMSIS_RTOS_V2/cmsis_os2.o
 .debug_macro   0x00001e94       0xa9 ./Middlewares/Third_Party/FreeRTOS/Source/CMSIS_RTOS_V2/cmsis_os2.o
 .debug_macro   0x00001f3d       0x91 ./Middlewares/Third_Party/FreeRTOS/Source/CMSIS_RTOS_V2/cmsis_os2.o
 .debug_macro   0x00001fce       0x8d ./Middlewares/Third_Party/FreeRTOS/Source/CMSIS_RTOS_V2/cmsis_os2.o
 .debug_macro   0x0000205b       0x9a ./Middlewares/Third_Party/FreeRTOS/Source/CMSIS_RTOS_V2/cmsis_os2.o
 .debug_macro   0x000020f5      0x187 ./Middlewares/Third_Party/FreeRTOS/Source/list.o
 .debug_macro   0x0000227c      0x212 ./Middlewares/Third_Party/FreeRTOS/Source/queue.o
 .debug_macro   0x0000248e       0x16 ./Middlewares/Third_Party/FreeRTOS/Source/queue.o
 .debug_macro   0x000024a4      0x287 ./Middlewares/Third_Party/FreeRTOS/Source/tasks.o
 .debug_macro   0x0000272b       0x10 ./Middlewares/Third_Party/FreeRTOS/Source/tasks.o
 .debug_macro   0x0000273b      0x1ca ./Middlewares/Third_Party/FreeRTOS/Source/timers.o
 .debug_macro   0x00002905      0x13c ./Middlewares/Third_Party/FreeRTOS/Source/portable/GCC/ARM_CM0/port.o
 .debug_macro   0x00002a41      0x1ae ./Middlewares/Third_Party/FreeRTOS/Source/portable/MemMang/heap_4.o

.debug_line     0x00000000     0xcffa
 .debug_line    0x00000000      0xa1c ./Core/Src/gfx01m2.o
 .debug_line    0x00000a1c      0xf0c ./Core/Src/main.o
 .debug_line    0x00001928      0x714 ./Core/Src/stm32f0xx_hal_msp.o
 .debug_line    0x0000203c      0x80c ./Core/Src/stm32f0xx_it.o
 .debug_line    0x00002848      0x74e ./Core/Src/system_stm32f0xx.o
 .debug_line    0x00002f96       0x7b ./Core/Startup/startup_stm32f091rctx.o
 .debug_line    0x00003011      0x945 ./Drivers/STM32F0xx_HAL_Driver/Src/stm32f0xx_hal.o
 .debug_line    0x00003956      0x9ed ./Drivers/STM32F0xx_HAL_Driver/Src/stm32f0xx_hal_cortex.o
 .debug_line    0x00004343      0xe8a ./Drivers/STM32F0xx_HAL_Driver/Src/stm32f0xx_hal_rcc.o
 .debug_line    0x000051cd      0xbda ./Drivers/STM32F0xx_HAL_Driver/Src/stm32f0xx_hal_rcc_ex.o
 .debug_line    0x00005da7     0x2240 ./Middlewares/Third_Party/FreeRTOS/Source/CMSIS_RTOS_V2/cmsis_os2.o
 .debug_line    0x00007fe7      0x724 ./Middlewares/Third_Party/FreeRTOS/Source/list.o
 .debug_line    0x0000870b     0x1441 ./Middlewares/Third_Party/FreeRTOS/Source/queue.o
 .debug_line    0x00009b4c     0x1996 ./Middlewares/Third_Party/FreeRTOS/Source/tasks.o
 .debug_line    0x0000b4e2      0xbd9 ./Middlewares/Third_Party/FreeRTOS/Source/timers.o
 .debug_line    0x0000c0bb      0x698 ./Middlewares/Third_Party/FreeRTOS/Source/portable/GCC/ARM_CM0/port.o
 .debug_line    0x0000c753      0x8a7 ./Middlewares/Third_Party/FreeRTOS/Source/portable/MemMang/heap_4.o

.debug_str      0x00000000    0xa8c57
 .debug_str     0x00000000    0xa8c57 ./Core/Src/gfx01m2.o
                              0x9ae07 (size before relaxing)
 .debug_str     0x000a8c57    0x9f0d6 ./Core/Src/main.o
 .debug_str     0x000a8c57    0x9b325 ./Core/Src/stm32f0xx_hal_msp.o
 .debug_str     0x000a8c57    0x9e362 ./Core/Src/stm32f0xx_it.o
 .debug_str     0x000a8c57    0x9ab8d ./Core/Src/system_stm32f0xx.o
 .debug_str     0x000a8c57       0x8a ./Core/Startup/startup_stm32f091rctx.o
 .debug_str     0x000a8c57    0x9b17d ./Drivers/STM32F0xx_HAL_Driver/Src/stm32f0xx_hal.o
 .debug_str     0x000a8c57    0x9af6e ./Drivers/STM32F0xx_HAL_Driver/Src/stm32f0xx_hal_cortex.o
 .debug_str     0x000a8c57    0x9afd4 ./Drivers/STM32F0xx_HAL_Driver/Src/stm32f0xx_hal_rcc.o
 .debug_str     0x000a8c57    0x9af70 ./Drivers/STM32F0xx_HAL_Driver/Src/stm32f0xx_hal_rcc_ex.o
 .debug_str     0x000a8c57     0xe306 ./Middlewares/Third_Party/FreeRTOS/Source/CMSIS_RTOS_V2/cmsis_os2.o
 .debug_str     0x000a8c57     0xa568 ./Middlewares/Third_Party/FreeRTOS/Source/list.o
 .debug_str     0x000a8c57     0xbf20 ./Middlewares/Third_Party/FreeRTOS/Source/queue.o
 .debug_str     0x000a8c57     0xca84 ./Middlewares/Third_Party/FreeRTOS/Source/tasks.o
 .debug_str     0x000a8c57     0xc423 ./Middlewares/Third_Party/FreeRTOS/Source/timers.o
 .debug_str     0x000a8c57     0x7c88 ./Middlewares/Third_Party/FreeRTOS/Source/portable/GCC/ARM_CM0/port.o
 .debug_str     0x000a8c57     0xac82 ./Middlewares/Third_Party/FreeRTOS/Source/portable/MemMang/heap_4.o

.comment        0x00000000       0x43
 .comment       0x00000000       0x43 ./Core/Src/gfx01m2.o
                                 0x44 (size before relaxing)
 .comment       0x00000043       0x44 ./Core/Src/main.o
 .comment       0x00000043       0x44 ./Core/Src/stm32f0xx_hal_msp.o
 .comment       0x00000043       0x44 ./Core/Src/stm32f0xx_it.o
 .comment       0x00000043       0x44 ./Core/Src/system_stm32f0xx.o
 .comment       0x00000043       0x44 ./Drivers/STM32F0xx_HAL_Driver/Src/stm32f0xx_hal.o
 .comment       0x00000043       0x44 ./Drivers/STM32F0xx_HAL_Driver/Src/stm32f0xx_hal_cortex.o
 .comment       0x00000043       0x44 ./Drivers/STM32F0xx_HAL_Driver/Src/stm32f0xx_hal_rcc.o
 .comment       0x00000043       0x44 ./Drivers/STM32F0xx_HAL_Driver/Src/stm32f0xx_hal_rcc_ex.o
 .comment       0x00000043       0x44 ./Middlewares/Third_Party/FreeRTOS/Source/CMSIS_RTOS_V2/cmsis_os2.o
 .comment       0x00000043       0x44 ./Middlewares/Third_Party/FreeRTOS/Source/list.o
 .comment       0x00000043       0x44 ./Middlewares/Third_Party/FreeRTOS/Source/queue.o
 .comment       0x00000043       0x44 ./Middlewares/Third_Party/FreeRTOS/Source/tasks.o
 .comment       0x00000043       0x44 ./Middlewares/Third_Party/FreeRTOS/Source/timers.o
 .comment       0x00000043       0x44 ./Middlewares/Third_Party/FreeRTOS/Source/portable/GCC/ARM_CM0/port.o
 .comment       0x00000043       0x44 ./Middlewares/Third_Party/FreeRTOS/Source/portable/MemMang/heap_4.o

.debug_frame    0x00000000     0x294c
 .debug_frame   0x00000000      0x17c ./Core/Src/gfx01m2.o
 .debug_frame   0x0000017c      0x2b4 ./Core/Src/main.o
 .debug_frame   0x00000430       0x70 ./Core/Src/stm32f0xx_hal_msp.o
 .debug_frame   0x000004a0       0x64 ./Core/Src/stm32f0xx_it.o
 .debug_frame   0x00000504       0x4c ./Core/Src/system_stm32f0xx.o
 .debug_frame   0x00000550      0x2a4 ./Drivers/STM32F0xx_HAL_Driver/Src/stm32f0xx_hal.o
 .debug_frame   0x000007f4      0x2a0 ./Drivers/STM32F0xx_HAL_Driver/Src/stm32f0xx_hal_cortex.o
 .debug_frame   0x00000a94      0x198 ./Drivers/STM32F0xx_HAL_Driver/Src/stm32f0xx_hal_rcc.o
 .debug_frame   0x00000c2c      0x180 ./Drivers/STM32F0xx_HAL_Driver/Src/stm32f0xx_hal_rcc_ex.o
 .debug_frame   0x00000dac      0x84c ./Middlewares/Third_Party/FreeRTOS/Source/CMSIS_RTOS_V2/cmsis_os2.o
 .debug_frame   0x000015f8       0xb0 ./Middlewares/Third_Party/FreeRTOS/Source/list.o
 .debug_frame   0x000016a8      0x510 ./Middlewares/Third_Party/FreeRTOS/Source/queue.o
 .debug_frame   0x00001bb8      0x77c ./Middlewares/Third_Party/FreeRTOS/Source/tasks.o
 .debug_frame   0x00002334      0x32c ./Middlewares/Third_Party/FreeRTOS/Source/timers.o
 .debug_frame   0x00002660      0x174 ./Middlewares/Third_Party/FreeRTOS/Source/portable/GCC/ARM_CM0/port.o
 .debug_frame   0x000027d4       0xe4 ./Middlewares/Third_Party/FreeRTOS/Source/portable/MemMang/heap_4.o
 .debug_frame   0x000028b8       0x20 /Applications/STM32CubeIDE.app/Contents/Eclipse/plugins/com.st.stm32cube.ide.mcu.externaltools.gnu-tools-for-stm32.13.3.rel1.macos64_1.0.0.202411102158/tools/bin/../lib/gcc/arm-none-eabi/13.3.1/../../../../arm-none-eabi/lib/thumb/v6-m/nofp/libc_nano.a(libc_a-memset.o)
 .debug_frame   0x000028d8       0x2c /Applications/STM32CubeIDE.app/Contents/Eclipse/plugins/com.st.stm32cube.ide.mcu.externaltools.gnu-tools-for-stm32.13.3.rel1.macos64_1.0.0.202411102158/tools/bin/../lib/gcc/arm-none-eabi/13.3.1/../../../../arm-none-eabi/lib/thumb/v6-m/nofp/libc_nano.a(libc_a-init.o)
 .debug_frame   0x00002904       0x28 /Applications/STM32CubeIDE.app/Contents/Eclipse/plugins/com.st.stm32cube.ide.mcu.externaltools.gnu-tools-for-stm32.13.3.rel1.macos64_1.0.0.202411102158/tools/bin/../lib/gcc/arm-none-eabi/13.3.1/../../../../arm-none-eabi/lib/thumb/v6-m/nofp/libc_nano.a(libc_a-memcpy-stub.o)
 .debug_frame   0x0000292c       0x20 /Applications/STM32CubeIDE.app/Contents/Eclipse/plugins/com.st.stm32cube.ide.mcu.externaltools.gnu-tools-for-stm32.13.3.rel1.macos64_1.0.0.202411102158/tools/bin/../lib/gcc/arm-none-eabi/13.3.1/thumb/v6-m/nofp/libgcc.a(_udivsi3.o)

.debug_line_str
                0x00000000       0x6e
 .debug_line_str
                0x00000000       0x6e ./Core/Startup/startup_stm32f091rctx.o
