../Core/Src/main.c:293:24:rgb565	1
../Core/Src/main.c:296:17:SpriteColor	7
../Core/Src/main.c:309:13:DrawSpriteXPM	5
../Core/Src/main.c:329:13:DrawSpriteXPM2	5
../Core/Src/main.c:350:19:clamp	3
../Core/Src/main.c:352:13:DrawMenu	2
../Core/Src/main.c:364:13:drawMenu	1
../Core/Src/main.c:377:13:DrawIdle	2
../Core/Src/main.c:385:13:DrawAnimFeed	2
../Core/Src/main.c:391:13:DrawAnimPlay	2
../Core/Src/main.c:397:13:DrawAnimSleep	3
../Core/Src/main.c:406:13:DrawEndScreen	1
../Core/Src/main.c:413:13:ThreadSafeClearScreen	1
../Core/Src/main.c:420:16:readDebounced	2
../Core/Src/main.c:427:17:mapButtons	6
../Core/Src/main.c:436:13:InputTask	3
../Core/Src/main.c:453:13:StartAction	4
../Core/Src/main.c:460:13:LogicTask	19
../Core/Src/main.c:535:13:RenderTask	12
../Core/Src/main.c:604:6:SystemClock_Config	4
../Core/Src/main.c:641:5:main	1
