../Core/Src/main.c:293:24:rgb565	24	static
../Core/Src/main.c:296:17:SpriteColor	16	static
../Core/Src/main.c:309:13:DrawSpriteXPM	56	static
../Core/Src/main.c:329:13:DrawSpriteXPM2	56	static
../Core/Src/main.c:350:19:clamp	24	static
../Core/Src/main.c:352:13:DrawMenu	40	static
../Core/Src/main.c:364:13:drawMenu	16	static
../Core/Src/main.c:377:13:DrawIdle	16	static
../Core/Src/main.c:385:13:DrawAnimFeed	16	static
../Core/Src/main.c:391:13:DrawAnimPlay	16	static
../Core/Src/main.c:397:13:DrawAnimSleep	24	static
../Core/Src/main.c:406:13:DrawEndScreen	24	static
../Core/Src/main.c:413:13:ThreadSafeClearScreen	8	static
../Core/Src/main.c:420:16:readDebounced	24	static
../Core/Src/main.c:427:17:mapButtons	16	static
../Core/Src/main.c:436:13:InputTask	32	static
../Core/Src/main.c:453:13:StartAction	16	static
../Core/Src/main.c:460:13:LogicTask	32	static
../Core/Src/main.c:535:13:RenderTask	32	static
../Core/Src/main.c:604:6:SystemClock_Config	112	static
../Core/Src/main.c:641:5:main	128	static
